==================================
Job started at: Thu Jul  3 16:39:30 EDT 2025
[Thu Jul  3 16:39:30 EDT 2025] System status:
Memory usage:
Node: g004.anvil.rcac.purdue.edu
Job ID: 12675147
CPUs: 4
Memory: 65536
==================================
              total        used        free      shared  buff/cache   available
Mem:          503Gi        72Gi       428Gi       2.0Gi       3.0Gi       427Gi
Swap:         178Gi        32Gi       146Gi

Disk usage:
Filesystem      Size  Used Avail Use% Mounted on
anvil           5.0T  3.2T  1.9T  63% /anvil

Processing progress:
-rw-rw-r-- 1 x-ohouck x-atm170020 41K Jun 29 17:50 /anvil/projects/x-atm170020/ohouck/data/processed/pangu_india.nc

Temporary files:
5
---
[Thu Jul  3 16:49:30 EDT 2025] System status:
Memory usage:
              total        used        free      shared  buff/cache   available
Mem:          503Gi        80Gi       408Gi       2.0Gi        13Gi       417Gi
Swap:         178Gi        32Gi       146Gi

Disk usage:
Filesystem      Size  Used Avail Use% Mounted on
anvil           5.0T  3.2T  1.9T  63% /anvil

Processing progress:
-rw-rw-r-- 1 x-ohouck x-atm170020 47M Jul  3 16:40 /anvil/projects/x-atm170020/ohouck/data/processed/pangu_india.nc

Temporary files:
5
---
[Thu Jul  3 16:59:30 EDT 2025] System status:
Memory usage:
              total        used        free      shared  buff/cache   available
Mem:          503Gi        80Gi       420Gi       2.0Gi       2.7Gi       419Gi
Swap:         178Gi        32Gi       146Gi

Disk usage:
Filesystem      Size  Used Avail Use% Mounted on
anvil           5.0T  3.2T  1.9T  63% /anvil

Processing progress:
-rw-rw-r-- 1 x-ohouck x-atm170020 47M Jul  3 16:40 /anvil/projects/x-atm170020/ohouck/data/processed/pangu_india.nc

Temporary files:
5
---
[Thu Jul  3 17:09:30 EDT 2025] System status:
Memory usage:
              total        used        free      shared  buff/cache   available
Mem:          503Gi        86Gi       414Gi       2.0Gi       2.9Gi       413Gi
Swap:         178Gi        32Gi       146Gi

Disk usage:
Filesystem      Size  Used Avail Use% Mounted on
anvil           5.0T  3.2T  1.9T  63% /anvil

Processing progress:
-rw-rw-r-- 1 x-ohouck x-atm170020 47M Jul  3 16:40 /anvil/projects/x-atm170020/ohouck/data/processed/pangu_india.nc

Temporary files:
5
---
[Thu Jul  3 17:19:30 EDT 2025] System status:
Memory usage:
              total        used        free      shared  buff/cache   available
Mem:          503Gi       130Gi       370Gi       2.0Gi       3.1Gi       369Gi
Swap:         178Gi        32Gi       146Gi

Disk usage:
Filesystem      Size  Used Avail Use% Mounted on
anvil           5.0T  3.2T  1.9T  63% /anvil

Processing progress:
-rw-rw-r-- 1 x-ohouck x-atm170020 47M Jul  3 16:40 /anvil/projects/x-atm170020/ohouck/data/processed/pangu_india.nc

Temporary files:
5
---
[Thu Jul  3 17:29:30 EDT 2025] System status:
Memory usage:
              total        used        free      shared  buff/cache   available
Mem:          503Gi       138Gi       362Gi       2.0Gi       3.1Gi       361Gi
Swap:         178Gi        32Gi       146Gi

Disk usage:
Filesystem      Size  Used Avail Use% Mounted on
anvil           5.0T  3.2T  1.9T  63% /anvil

Processing progress:
-rw-rw-r-- 1 x-ohouck x-atm170020 47M Jul  3 16:40 /anvil/projects/x-atm170020/ohouck/data/processed/pangu_india.nc

Temporary files:
5
---
